[2026-05-30T03:29:07.357+0000] {manager.py:469} INFO - Processing files using up to 2 processes at a time 
[2026-05-30T03:29:07.361+0000] {manager.py:470} INFO - Process each file at most once every 30 seconds
[2026-05-30T03:29:07.361+0000] {manager.py:471} INFO - Checking for new files in /opt/airflow/dags every 300 seconds
[2026-05-30T03:29:07.363+0000] {manager.py:738} INFO - Searching for files in /opt/airflow/dags
[2026-05-30T03:29:07.375+0000] {manager.py:741} INFO - There are 0 files in /opt/airflow/dags
[2026-05-30T03:34:07.863+0000] {manager.py:738} INFO - Searching for files in /opt/airflow/dags
[2026-05-30T03:34:07.869+0000] {manager.py:741} INFO - There are 0 files in /opt/airflow/dags
[2026-05-30T03:36:38.072+0000] {manager.py:451} INFO - Exiting gracefully upon receiving signal 15
[2026-05-30T03:36:41.328+0000] {manager.py:469} INFO - Processing files using up to 2 processes at a time 
[2026-05-30T03:36:41.329+0000] {manager.py:470} INFO - Process each file at most once every 30 seconds
[2026-05-30T03:36:41.329+0000] {manager.py:471} INFO - Checking for new files in /opt/airflow/dags every 300 seconds
[2026-05-30T03:36:41.330+0000] {manager.py:738} INFO - Searching for files in /opt/airflow/dags
[2026-05-30T03:36:41.333+0000] {manager.py:741} INFO - There are 1 files in /opt/airflow/dags
[2026-05-30T03:36:41.365+0000] {manager.py:879} INFO - 
================================================================================
DAG File Processing Stats

File Path                                   PID  Runtime      # DAGs    # Errors  Last Runtime    Last Run
----------------------------------------  -----  ---------  --------  ----------  --------------  ----------
/opt/airflow/dags/factory/dag_factory.py     31  0.01s             0           0
================================================================================
[2026-05-30T03:37:11.597+0000] {manager.py:879} INFO - 
================================================================================
DAG File Processing Stats

File Path                                   PID  Runtime      # DAGs    # Errors  Last Runtime    Last Run
----------------------------------------  -----  ---------  --------  ----------  --------------  -------------------
/opt/airflow/dags/factory/dag_factory.py     32  0.00s             0           0  0.02s           2026-05-30T03:36:41
================================================================================
[2026-05-30T03:37:41.857+0000] {manager.py:879} INFO - 
================================================================================
DAG File Processing Stats

File Path                                   PID  Runtime      # DAGs    # Errors  Last Runtime    Last Run
----------------------------------------  -----  ---------  --------  ----------  --------------  -------------------
/opt/airflow/dags/factory/dag_factory.py     39  0.00s             0           0  0.03s           2026-05-30T03:37:11
================================================================================
[2026-05-30T03:38:12.098+0000] {manager.py:879} INFO - 
================================================================================
DAG File Processing Stats

File Path                                   PID  Runtime      # DAGs    # Errors  Last Runtime    Last Run
----------------------------------------  -----  ---------  --------  ----------  --------------  -------------------
/opt/airflow/dags/factory/dag_factory.py     46  0.00s             0           0  0.03s           2026-05-30T03:37:41
================================================================================
[2026-05-30T03:38:42.355+0000] {manager.py:879} INFO - 
================================================================================
DAG File Processing Stats

File Path                                 PID    Runtime      # DAGs    # Errors  Last Runtime    Last Run
----------------------------------------  -----  ---------  --------  ----------  --------------  -------------------
/opt/airflow/dags/factory/dag_factory.py                           0           0  0.04s           2026-05-30T03:38:41
================================================================================
[2026-05-30T03:39:12.617+0000] {manager.py:879} INFO - 
================================================================================
DAG File Processing Stats

File Path                                 PID    Runtime      # DAGs    # Errors  Last Runtime    Last Run
----------------------------------------  -----  ---------  --------  ----------  --------------  -------------------
/opt/airflow/dags/factory/dag_factory.py                           1           0  0.16s           2026-05-30T03:39:11
================================================================================
[2026-05-30T03:39:42.887+0000] {manager.py:879} INFO - 
================================================================================
DAG File Processing Stats

File Path                                 PID    Runtime      # DAGs    # Errors  Last Runtime    Last Run
----------------------------------------  -----  ---------  --------  ----------  --------------  -------------------
/opt/airflow/dags/factory/dag_factory.py                           1           0  0.06s           2026-05-30T03:39:41
================================================================================
[2026-05-30T03:40:13.100+0000] {manager.py:879} INFO - 
================================================================================
DAG File Processing Stats

File Path                                 PID    Runtime      # DAGs    # Errors  Last Runtime    Last Run
----------------------------------------  -----  ---------  --------  ----------  --------------  -------------------
/opt/airflow/dags/factory/dag_factory.py                           2           0  0.10s           2026-05-30T03:40:12
================================================================================
[2026-05-30T03:40:43.407+0000] {manager.py:879} INFO - 
================================================================================
DAG File Processing Stats

File Path                                 PID    Runtime      # DAGs    # Errors  Last Runtime    Last Run
----------------------------------------  -----  ---------  --------  ----------  --------------  -------------------
/opt/airflow/dags/factory/dag_factory.py                           2           0  0.08s           2026-05-30T03:40:42
================================================================================
[2026-05-30T03:41:13.672+0000] {manager.py:879} INFO - 
================================================================================
DAG File Processing Stats

File Path                                 PID    Runtime      # DAGs    # Errors  Last Runtime    Last Run
----------------------------------------  -----  ---------  --------  ----------  --------------  -------------------
/opt/airflow/dags/factory/dag_factory.py                           2           0  0.08s           2026-05-30T03:41:12
================================================================================
[2026-05-30T03:41:41.876+0000] {manager.py:738} INFO - Searching for files in /opt/airflow/dags
[2026-05-30T03:41:41.883+0000] {manager.py:741} INFO - There are 1 files in /opt/airflow/dags
[2026-05-30T03:41:43.932+0000] {manager.py:879} INFO - 
================================================================================
DAG File Processing Stats

File Path                                 PID    Runtime      # DAGs    # Errors  Last Runtime    Last Run
----------------------------------------  -----  ---------  --------  ----------  --------------  -------------------
/opt/airflow/dags/factory/dag_factory.py                           2           0  0.08s           2026-05-30T03:41:42
================================================================================
[2026-05-30T03:42:14.175+0000] {manager.py:879} INFO - 
================================================================================
DAG File Processing Stats

File Path                                 PID    Runtime      # DAGs    # Errors  Last Runtime    Last Run
----------------------------------------  -----  ---------  --------  ----------  --------------  -------------------
/opt/airflow/dags/factory/dag_factory.py                           2           0  0.07s           2026-05-30T03:42:13
================================================================================
[2026-05-30T03:42:18.126+0000] {manager.py:451} INFO - Exiting gracefully upon receiving signal 15
[2026-05-30T05:13:59.897+0000] {manager.py:469} INFO - Processing files using up to 2 processes at a time 
[2026-05-30T05:13:59.898+0000] {manager.py:470} INFO - Process each file at most once every 30 seconds
[2026-05-30T05:13:59.898+0000] {manager.py:471} INFO - Checking for new files in /opt/airflow/dags every 300 seconds
[2026-05-30T05:13:59.902+0000] {manager.py:738} INFO - Searching for files in /opt/airflow/dags
[2026-05-30T05:13:59.906+0000] {manager.py:741} INFO - There are 1 files in /opt/airflow/dags
[2026-05-30T05:14:02.670+0000] {manager.py:451} INFO - Exiting gracefully upon receiving signal 15
[2026-05-30T05:14:19.573+0000] {manager.py:469} INFO - Processing files using up to 2 processes at a time 
[2026-05-30T05:14:19.575+0000] {manager.py:470} INFO - Process each file at most once every 30 seconds
[2026-05-30T05:14:19.575+0000] {manager.py:471} INFO - Checking for new files in /opt/airflow/dags every 300 seconds
[2026-05-30T05:14:19.576+0000] {manager.py:738} INFO - Searching for files in /opt/airflow/dags
[2026-05-30T05:14:19.589+0000] {manager.py:741} INFO - There are 1 files in /opt/airflow/dags
[2026-05-30T05:14:23.662+0000] {manager.py:879} INFO - 
================================================================================
DAG File Processing Stats

File Path                                 PID    Runtime      # DAGs    # Errors  Last Runtime    Last Run
----------------------------------------  -----  ---------  --------  ----------  --------------  -------------------
/opt/airflow/dags/factory/dag_factory.py                           2           0  0.08s           2026-05-30T05:14:19
================================================================================
[2026-05-30T05:14:53.870+0000] {manager.py:879} INFO - 
================================================================================
DAG File Processing Stats

File Path                                 PID    Runtime      # DAGs    # Errors  Last Runtime    Last Run
----------------------------------------  -----  ---------  --------  ----------  --------------  -------------------
/opt/airflow/dags/factory/dag_factory.py                           2           0  0.10s           2026-05-30T05:14:49
================================================================================
[2026-05-30T05:15:24.072+0000] {manager.py:879} INFO - 
================================================================================
DAG File Processing Stats

File Path                                 PID    Runtime      # DAGs    # Errors  Last Runtime    Last Run
----------------------------------------  -----  ---------  --------  ----------  --------------  -------------------
/opt/airflow/dags/factory/dag_factory.py                           2           0  0.06s           2026-05-30T05:15:20
================================================================================
[2026-05-30T05:15:54.295+0000] {manager.py:879} INFO - 
================================================================================
DAG File Processing Stats

File Path                                 PID    Runtime      # DAGs    # Errors  Last Runtime    Last Run
----------------------------------------  -----  ---------  --------  ----------  --------------  -------------------
/opt/airflow/dags/factory/dag_factory.py                           2           0  0.09s           2026-05-30T05:15:50
================================================================================
[2026-05-30T05:16:24.543+0000] {manager.py:879} INFO - 
================================================================================
DAG File Processing Stats

File Path                                 PID    Runtime      # DAGs    # Errors  Last Runtime    Last Run
----------------------------------------  -----  ---------  --------  ----------  --------------  -------------------
/opt/airflow/dags/factory/dag_factory.py                           2           0  0.06s           2026-05-30T05:16:20
================================================================================
[2026-05-30T05:16:54.762+0000] {manager.py:879} INFO - 
================================================================================
DAG File Processing Stats

File Path                                 PID    Runtime      # DAGs    # Errors  Last Runtime    Last Run
----------------------------------------  -----  ---------  --------  ----------  --------------  -------------------
/opt/airflow/dags/factory/dag_factory.py                           2           0  0.05s           2026-05-30T05:16:50
================================================================================
[2026-05-30T05:17:25.035+0000] {manager.py:879} INFO - 
================================================================================
DAG File Processing Stats

File Path                                 PID    Runtime      # DAGs    # Errors  Last Runtime    Last Run
----------------------------------------  -----  ---------  --------  ----------  --------------  -------------------
/opt/airflow/dags/factory/dag_factory.py                           2           0  0.07s           2026-05-30T05:17:21
================================================================================
[2026-05-30T05:17:55.274+0000] {manager.py:879} INFO - 
================================================================================
DAG File Processing Stats

File Path                                 PID    Runtime      # DAGs    # Errors  Last Runtime    Last Run
----------------------------------------  -----  ---------  --------  ----------  --------------  -------------------
/opt/airflow/dags/factory/dag_factory.py                           2           0  0.07s           2026-05-30T05:17:51
================================================================================
[2026-05-30T05:18:25.546+0000] {manager.py:879} INFO - 
================================================================================
DAG File Processing Stats

File Path                                 PID    Runtime      # DAGs    # Errors  Last Runtime    Last Run
----------------------------------------  -----  ---------  --------  ----------  --------------  -------------------
/opt/airflow/dags/factory/dag_factory.py                           2           0  0.07s           2026-05-30T05:18:21
================================================================================
[2026-05-30T05:18:55.807+0000] {manager.py:879} INFO - 
================================================================================
DAG File Processing Stats

File Path                                 PID    Runtime      # DAGs    # Errors  Last Runtime    Last Run
----------------------------------------  -----  ---------  --------  ----------  --------------  -------------------
/opt/airflow/dags/factory/dag_factory.py                           2           0  0.07s           2026-05-30T05:18:51
================================================================================
[2026-05-30T05:19:20.006+0000] {manager.py:738} INFO - Searching for files in /opt/airflow/dags
[2026-05-30T05:19:20.013+0000] {manager.py:741} INFO - There are 1 files in /opt/airflow/dags
[2026-05-30T05:19:26.082+0000] {manager.py:879} INFO - 
================================================================================
DAG File Processing Stats

File Path                                 PID    Runtime      # DAGs    # Errors  Last Runtime    Last Run
----------------------------------------  -----  ---------  --------  ----------  --------------  -------------------
/opt/airflow/dags/factory/dag_factory.py                           2           0  0.07s           2026-05-30T05:19:22
================================================================================
[2026-05-30T05:19:35.015+0000] {manager.py:451} INFO - Exiting gracefully upon receiving signal 15
[2026-05-30T05:19:54.527+0000] {manager.py:469} INFO - Processing files using up to 2 processes at a time 
[2026-05-30T05:19:54.528+0000] {manager.py:470} INFO - Process each file at most once every 30 seconds
[2026-05-30T05:19:54.528+0000] {manager.py:471} INFO - Checking for new files in /opt/airflow/dags every 300 seconds
[2026-05-30T05:19:54.529+0000] {manager.py:738} INFO - Searching for files in /opt/airflow/dags
[2026-05-30T05:19:54.532+0000] {manager.py:741} INFO - There are 1 files in /opt/airflow/dags
[2026-05-30T05:19:54.581+0000] {manager.py:879} INFO - 
================================================================================
DAG File Processing Stats

File Path                                   PID  Runtime      # DAGs    # Errors  Last Runtime    Last Run
----------------------------------------  -----  ---------  --------  ----------  --------------  ----------
/opt/airflow/dags/factory/dag_factory.py     30  0.02s             0           0
================================================================================
[2026-05-30T05:20:24.786+0000] {manager.py:879} INFO - 
================================================================================
DAG File Processing Stats

File Path                                   PID  Runtime      # DAGs    # Errors  Last Runtime    Last Run
----------------------------------------  -----  ---------  --------  ----------  --------------  -------------------
/opt/airflow/dags/factory/dag_factory.py     48  0.00s             2           0  0.06s           2026-05-30T05:19:54
================================================================================
[2026-05-30T05:20:55.056+0000] {manager.py:879} INFO - 
================================================================================
DAG File Processing Stats

File Path                                   PID  Runtime      # DAGs    # Errors  Last Runtime    Last Run
----------------------------------------  -----  ---------  --------  ----------  --------------  -------------------
/opt/airflow/dags/factory/dag_factory.py     49  0.01s             2           0  0.13s           2026-05-30T05:20:24
================================================================================
[2026-05-30T05:21:25.343+0000] {manager.py:879} INFO - 
================================================================================
DAG File Processing Stats

File Path                                   PID  Runtime      # DAGs    # Errors  Last Runtime    Last Run
----------------------------------------  -----  ---------  --------  ----------  --------------  -------------------
/opt/airflow/dags/factory/dag_factory.py     50  0.01s             2           0  0.07s           2026-05-30T05:20:55
================================================================================
[2026-05-30T05:21:55.607+0000] {manager.py:879} INFO - 
================================================================================
DAG File Processing Stats

File Path                                   PID  Runtime      # DAGs    # Errors  Last Runtime    Last Run
----------------------------------------  -----  ---------  --------  ----------  --------------  -------------------
/opt/airflow/dags/factory/dag_factory.py     51  0.01s             2           0  0.07s           2026-05-30T05:21:25
================================================================================
[2026-05-30T05:22:25.875+0000] {manager.py:879} INFO - 
================================================================================
DAG File Processing Stats

File Path                                   PID  Runtime      # DAGs    # Errors  Last Runtime    Last Run
----------------------------------------  -----  ---------  --------  ----------  --------------  -------------------
/opt/airflow/dags/factory/dag_factory.py     52  0.01s             2           0  0.06s           2026-05-30T05:21:55
================================================================================
[2026-05-30T05:22:56.136+0000] {manager.py:879} INFO - 
================================================================================
DAG File Processing Stats

File Path                                   PID  Runtime      # DAGs    # Errors  Last Runtime    Last Run
----------------------------------------  -----  ---------  --------  ----------  --------------  -------------------
/opt/airflow/dags/factory/dag_factory.py     53  0.01s             2           0  0.07s           2026-05-30T05:22:25
================================================================================
[2026-05-30T05:23:26.375+0000] {manager.py:879} INFO - 
================================================================================
DAG File Processing Stats

File Path                                   PID  Runtime      # DAGs    # Errors  Last Runtime    Last Run
----------------------------------------  -----  ---------  --------  ----------  --------------  -------------------
/opt/airflow/dags/factory/dag_factory.py     54  0.01s             2           0  0.08s           2026-05-30T05:22:56
================================================================================
[2026-05-30T05:23:56.607+0000] {manager.py:879} INFO - 
================================================================================
DAG File Processing Stats

File Path                                   PID  Runtime      # DAGs    # Errors  Last Runtime    Last Run
----------------------------------------  -----  ---------  --------  ----------  --------------  -------------------
/opt/airflow/dags/factory/dag_factory.py     55  0.00s             2           0  0.09s           2026-05-30T05:23:26
================================================================================
[2026-05-30T05:24:26.878+0000] {manager.py:879} INFO - 
================================================================================
DAG File Processing Stats

File Path                                   PID  Runtime      # DAGs    # Errors  Last Runtime    Last Run
----------------------------------------  -----  ---------  --------  ----------  --------------  -------------------
/opt/airflow/dags/factory/dag_factory.py     56  0.00s             2           0  0.06s           2026-05-30T05:23:56
================================================================================
[2026-05-30T05:24:55.086+0000] {manager.py:738} INFO - Searching for files in /opt/airflow/dags
[2026-05-30T05:24:55.093+0000] {manager.py:741} INFO - There are 1 files in /opt/airflow/dags
[2026-05-30T05:24:57.123+0000] {manager.py:879} INFO - 
================================================================================
DAG File Processing Stats

File Path                                   PID  Runtime      # DAGs    # Errors  Last Runtime    Last Run
----------------------------------------  -----  ---------  --------  ----------  --------------  -------------------
/opt/airflow/dags/factory/dag_factory.py     57  0.00s             2           0  0.07s           2026-05-30T05:24:26
================================================================================
[2026-05-30T05:25:27.383+0000] {manager.py:879} INFO - 
================================================================================
DAG File Processing Stats

File Path                                   PID  Runtime      # DAGs    # Errors  Last Runtime    Last Run
----------------------------------------  -----  ---------  --------  ----------  --------------  -------------------
/opt/airflow/dags/factory/dag_factory.py     58  0.01s             2           0  0.06s           2026-05-30T05:24:57
================================================================================
[2026-05-30T05:25:57.623+0000] {manager.py:879} INFO - 
================================================================================
DAG File Processing Stats

File Path                                   PID  Runtime      # DAGs    # Errors  Last Runtime    Last Run
----------------------------------------  -----  ---------  --------  ----------  --------------  -------------------
/opt/airflow/dags/factory/dag_factory.py     65  0.01s             2           0  0.07s           2026-05-30T05:25:27
================================================================================
[2026-05-30T05:26:27.912+0000] {manager.py:879} INFO - 
================================================================================
DAG File Processing Stats

File Path                                   PID  Runtime      # DAGs    # Errors  Last Runtime    Last Run
----------------------------------------  -----  ---------  --------  ----------  --------------  -------------------
/opt/airflow/dags/factory/dag_factory.py     66  0.00s             2           0  0.07s           2026-05-30T05:25:57
================================================================================
[2026-05-30T05:26:58.168+0000] {manager.py:879} INFO - 
================================================================================
DAG File Processing Stats

File Path                                   PID  Runtime      # DAGs    # Errors  Last Runtime    Last Run
----------------------------------------  -----  ---------  --------  ----------  --------------  -------------------
/opt/airflow/dags/factory/dag_factory.py     84  0.00s             2           0  0.07s           2026-05-30T05:26:27
================================================================================
[2026-05-30T05:27:28.423+0000] {manager.py:879} INFO - 
================================================================================
DAG File Processing Stats

File Path                                   PID  Runtime      # DAGs    # Errors  Last Runtime    Last Run
----------------------------------------  -----  ---------  --------  ----------  --------------  -------------------
/opt/airflow/dags/factory/dag_factory.py    109  0.01s             2           0  0.05s           2026-05-30T05:26:58
================================================================================
[2026-05-30T05:27:58.646+0000] {manager.py:879} INFO - 
================================================================================
DAG File Processing Stats

File Path                                   PID  Runtime      # DAGs    # Errors  Last Runtime    Last Run
----------------------------------------  -----  ---------  --------  ----------  --------------  -------------------
/opt/airflow/dags/factory/dag_factory.py    110  0.00s             2           0  0.08s           2026-05-30T05:27:28
================================================================================
[2026-05-30T05:28:20.512+0000] {manager.py:451} INFO - Exiting gracefully upon receiving signal 15
[2026-05-30T05:28:40.962+0000] {manager.py:469} INFO - Processing files using up to 2 processes at a time 
[2026-05-30T05:28:40.963+0000] {manager.py:470} INFO - Process each file at most once every 30 seconds
[2026-05-30T05:28:40.963+0000] {manager.py:471} INFO - Checking for new files in /opt/airflow/dags every 300 seconds
[2026-05-30T05:28:40.963+0000] {manager.py:738} INFO - Searching for files in /opt/airflow/dags
[2026-05-30T05:28:40.967+0000] {manager.py:741} INFO - There are 1 files in /opt/airflow/dags
[2026-05-30T05:28:41.015+0000] {manager.py:879} INFO - 
================================================================================
DAG File Processing Stats

File Path                                   PID  Runtime      # DAGs    # Errors  Last Runtime    Last Run
----------------------------------------  -----  ---------  --------  ----------  --------------  ----------
/opt/airflow/dags/factory/dag_factory.py     31  0.02s             0           0
================================================================================
[2026-05-30T05:29:11.252+0000] {manager.py:879} INFO - 
================================================================================
DAG File Processing Stats

File Path                                   PID  Runtime      # DAGs    # Errors  Last Runtime    Last Run
----------------------------------------  -----  ---------  --------  ----------  --------------  -------------------
/opt/airflow/dags/factory/dag_factory.py     48  0.01s             0           0  0.03s           2026-05-30T05:28:41
================================================================================
[2026-05-30T05:29:41.476+0000] {manager.py:879} INFO - 
================================================================================
DAG File Processing Stats

File Path                                   PID  Runtime      # DAGs    # Errors  Last Runtime    Last Run
----------------------------------------  -----  ---------  --------  ----------  --------------  -------------------
/opt/airflow/dags/factory/dag_factory.py     49  0.01s             1           0  0.16s           2026-05-30T05:29:11
================================================================================
[2026-05-30T05:30:11.738+0000] {manager.py:879} INFO - 
================================================================================
DAG File Processing Stats

File Path                                   PID  Runtime      # DAGs    # Errors  Last Runtime    Last Run
----------------------------------------  -----  ---------  --------  ----------  --------------  -------------------
/opt/airflow/dags/factory/dag_factory.py     67  0.01s             1           0  0.06s           2026-05-30T05:29:41
================================================================================
[2026-05-30T05:30:41.966+0000] {manager.py:879} INFO - 
================================================================================
DAG File Processing Stats

File Path                                   PID  Runtime      # DAGs    # Errors  Last Runtime    Last Run
----------------------------------------  -----  ---------  --------  ----------  --------------  -------------------
/opt/airflow/dags/factory/dag_factory.py     80  0.01s             1           0  0.07s           2026-05-30T05:30:11
================================================================================
[2026-05-30T05:31:12.190+0000] {manager.py:879} INFO - 
================================================================================
DAG File Processing Stats

File Path                                   PID  Runtime      # DAGs    # Errors  Last Runtime    Last Run
----------------------------------------  -----  ---------  --------  ----------  --------------  -------------------
/opt/airflow/dags/factory/dag_factory.py     81  0.00s             1           0  0.06s           2026-05-30T05:30:42
================================================================================
[2026-05-30T05:31:42.396+0000] {manager.py:879} INFO - 
================================================================================
DAG File Processing Stats

File Path                                   PID  Runtime      # DAGs    # Errors  Last Runtime    Last Run
----------------------------------------  -----  ---------  --------  ----------  --------------  -------------------
/opt/airflow/dags/factory/dag_factory.py     82  0.00s             1           0  0.08s           2026-05-30T05:31:12
================================================================================
[2026-05-30T05:32:11.620+0000] {manager.py:451} INFO - Exiting gracefully upon receiving signal 15
[2026-05-30T05:32:32.188+0000] {manager.py:469} INFO - Processing files using up to 2 processes at a time 
[2026-05-30T05:32:32.188+0000] {manager.py:470} INFO - Process each file at most once every 30 seconds
[2026-05-30T05:32:32.190+0000] {manager.py:471} INFO - Checking for new files in /opt/airflow/dags every 300 seconds
[2026-05-30T05:32:32.191+0000] {manager.py:738} INFO - Searching for files in /opt/airflow/dags
[2026-05-30T05:32:32.194+0000] {manager.py:741} INFO - There are 1 files in /opt/airflow/dags
[2026-05-30T05:32:32.264+0000] {manager.py:879} INFO - 
================================================================================
DAG File Processing Stats

File Path                                   PID  Runtime      # DAGs    # Errors  Last Runtime    Last Run
----------------------------------------  -----  ---------  --------  ----------  --------------  ----------
/opt/airflow/dags/factory/dag_factory.py     31  0.02s             0           0
================================================================================
[2026-05-30T05:33:02.453+0000] {manager.py:879} INFO - 
================================================================================
DAG File Processing Stats

File Path                                   PID  Runtime      # DAGs    # Errors  Last Runtime    Last Run
----------------------------------------  -----  ---------  --------  ----------  --------------  -------------------
/opt/airflow/dags/factory/dag_factory.py     32  0.01s             0           0  0.04s           2026-05-30T05:32:32
================================================================================
[2026-05-30T05:33:32.700+0000] {manager.py:879} INFO - 
================================================================================
DAG File Processing Stats

File Path                                   PID  Runtime      # DAGs    # Errors  Last Runtime    Last Run
----------------------------------------  -----  ---------  --------  ----------  --------------  -------------------
/opt/airflow/dags/factory/dag_factory.py     33  0.01s             0           0  0.03s           2026-05-30T05:33:02
================================================================================
[2026-05-30T05:34:02.920+0000] {manager.py:879} INFO - 
================================================================================
DAG File Processing Stats

File Path                                   PID  Runtime      # DAGs    # Errors  Last Runtime    Last Run
----------------------------------------  -----  ---------  --------  ----------  --------------  -------------------
/opt/airflow/dags/factory/dag_factory.py     40  0.00s             0           0  0.04s           2026-05-30T05:33:32
================================================================================
[2026-05-30T05:34:33.157+0000] {manager.py:879} INFO - 
================================================================================
DAG File Processing Stats

File Path                                   PID  Runtime      # DAGs    # Errors  Last Runtime    Last Run
----------------------------------------  -----  ---------  --------  ----------  --------------  -------------------
/opt/airflow/dags/factory/dag_factory.py     58  0.00s             0           0  0.02s           2026-05-30T05:34:02
================================================================================
[2026-05-30T05:35:03.411+0000] {manager.py:879} INFO - 
================================================================================
DAG File Processing Stats

File Path                                   PID  Runtime      # DAGs    # Errors  Last Runtime    Last Run
----------------------------------------  -----  ---------  --------  ----------  --------------  -------------------
/opt/airflow/dags/factory/dag_factory.py     71  0.00s             1           0  0.16s           2026-05-30T05:34:33
================================================================================
[2026-05-30T05:35:33.676+0000] {manager.py:879} INFO - 
================================================================================
DAG File Processing Stats

File Path                                   PID  Runtime      # DAGs    # Errors  Last Runtime    Last Run
----------------------------------------  -----  ---------  --------  ----------  --------------  -------------------
/opt/airflow/dags/factory/dag_factory.py     72  0.00s             1           0  0.04s           2026-05-30T05:35:03
================================================================================
[2026-05-30T05:36:03.951+0000] {manager.py:879} INFO - 
================================================================================
DAG File Processing Stats

File Path                                   PID  Runtime      # DAGs    # Errors  Last Runtime    Last Run
----------------------------------------  -----  ---------  --------  ----------  --------------  -------------------
/opt/airflow/dags/factory/dag_factory.py     73  0.00s             1           0  0.08s           2026-05-30T05:35:33
================================================================================
