[2026-05-30T03:36:41.356+0000] {processor.py:161} INFO - Started process (PID=31) to work on /opt/airflow/dags/factory/dag_factory.py
[2026-05-30T03:36:41.358+0000] {processor.py:830} INFO - Processing file /opt/airflow/dags/factory/dag_factory.py for tasks to queue
[2026-05-30T03:36:41.360+0000] {logging_mixin.py:188} INFO - [2026-05-30T03:36:41.360+0000] {dagbag.py:538} INFO - Filling up the DagBag from /opt/airflow/dags/factory/dag_factory.py
[2026-05-30T03:36:41.371+0000] {logging_mixin.py:188} INFO - [2026-05-30T03:36:41.371+0000] {dag_factory.py:78} ERROR - DAG factory failed to fetch configs: The conn_id `pipeline_config_db` isn't defined
[2026-05-30T03:36:41.371+0000] {processor.py:842} WARNING - No viable dags retrieved from /opt/airflow/dags/factory/dag_factory.py
[2026-05-30T03:36:41.372+0000] {processor.py:183} INFO - Processing /opt/airflow/dags/factory/dag_factory.py took 0.018 seconds
[2026-05-30T03:37:11.602+0000] {processor.py:161} INFO - Started process (PID=32) to work on /opt/airflow/dags/factory/dag_factory.py
[2026-05-30T03:37:11.603+0000] {processor.py:830} INFO - Processing file /opt/airflow/dags/factory/dag_factory.py for tasks to queue
[2026-05-30T03:37:11.605+0000] {logging_mixin.py:188} INFO - [2026-05-30T03:37:11.604+0000] {dagbag.py:538} INFO - Filling up the DagBag from /opt/airflow/dags/factory/dag_factory.py
[2026-05-30T03:37:11.619+0000] {logging_mixin.py:188} INFO - [2026-05-30T03:37:11.619+0000] {dag_factory.py:78} ERROR - DAG factory failed to fetch configs: The conn_id `pipeline_config_db` isn't defined
[2026-05-30T03:37:11.619+0000] {processor.py:842} WARNING - No viable dags retrieved from /opt/airflow/dags/factory/dag_factory.py
[2026-05-30T03:37:11.622+0000] {processor.py:183} INFO - Processing /opt/airflow/dags/factory/dag_factory.py took 0.022 seconds
[2026-05-30T03:37:41.862+0000] {processor.py:161} INFO - Started process (PID=39) to work on /opt/airflow/dags/factory/dag_factory.py
[2026-05-30T03:37:41.863+0000] {processor.py:830} INFO - Processing file /opt/airflow/dags/factory/dag_factory.py for tasks to queue
[2026-05-30T03:37:41.865+0000] {logging_mixin.py:188} INFO - [2026-05-30T03:37:41.864+0000] {dagbag.py:538} INFO - Filling up the DagBag from /opt/airflow/dags/factory/dag_factory.py
[2026-05-30T03:37:41.878+0000] {logging_mixin.py:188} INFO - [2026-05-30T03:37:41.878+0000] {dag_factory.py:78} ERROR - DAG factory failed to fetch configs: The conn_id `pipeline_config_db` isn't defined
[2026-05-30T03:37:41.878+0000] {processor.py:842} WARNING - No viable dags retrieved from /opt/airflow/dags/factory/dag_factory.py
[2026-05-30T03:37:41.881+0000] {processor.py:183} INFO - Processing /opt/airflow/dags/factory/dag_factory.py took 0.021 seconds
[2026-05-30T03:38:12.105+0000] {processor.py:161} INFO - Started process (PID=46) to work on /opt/airflow/dags/factory/dag_factory.py
[2026-05-30T03:38:12.106+0000] {processor.py:830} INFO - Processing file /opt/airflow/dags/factory/dag_factory.py for tasks to queue
[2026-05-30T03:38:12.108+0000] {logging_mixin.py:188} INFO - [2026-05-30T03:38:12.107+0000] {dagbag.py:538} INFO - Filling up the DagBag from /opt/airflow/dags/factory/dag_factory.py
[2026-05-30T03:38:12.122+0000] {logging_mixin.py:188} INFO - [2026-05-30T03:38:12.122+0000] {dag_factory.py:78} ERROR - DAG factory failed to fetch configs: The conn_id `pipeline_config_db` isn't defined
[2026-05-30T03:38:12.122+0000] {processor.py:842} WARNING - No viable dags retrieved from /opt/airflow/dags/factory/dag_factory.py
[2026-05-30T03:38:12.125+0000] {processor.py:183} INFO - Processing /opt/airflow/dags/factory/dag_factory.py took 0.024 seconds
[2026-05-30T03:38:41.352+0000] {processor.py:161} INFO - Started process (PID=53) to work on /opt/airflow/dags/factory/dag_factory.py
[2026-05-30T03:38:41.353+0000] {processor.py:830} INFO - Processing file /opt/airflow/dags/factory/dag_factory.py for tasks to queue
[2026-05-30T03:38:41.355+0000] {logging_mixin.py:188} INFO - [2026-05-30T03:38:41.354+0000] {dagbag.py:538} INFO - Filling up the DagBag from /opt/airflow/dags/factory/dag_factory.py
[2026-05-30T03:38:41.372+0000] {logging_mixin.py:188} INFO - [2026-05-30T03:38:41.372+0000] {dag_factory.py:78} ERROR - DAG factory failed to fetch configs: The conn_id `pipeline_config_db` isn't defined
[2026-05-30T03:38:41.372+0000] {processor.py:842} WARNING - No viable dags retrieved from /opt/airflow/dags/factory/dag_factory.py
[2026-05-30T03:38:41.375+0000] {processor.py:183} INFO - Processing /opt/airflow/dags/factory/dag_factory.py took 0.027 seconds
[2026-05-30T03:39:11.613+0000] {processor.py:161} INFO - Started process (PID=77) to work on /opt/airflow/dags/factory/dag_factory.py
[2026-05-30T03:39:11.614+0000] {processor.py:830} INFO - Processing file /opt/airflow/dags/factory/dag_factory.py for tasks to queue
[2026-05-30T03:39:11.616+0000] {logging_mixin.py:188} INFO - [2026-05-30T03:39:11.616+0000] {dagbag.py:538} INFO - Filling up the DagBag from /opt/airflow/dags/factory/dag_factory.py
[2026-05-30T03:39:11.632+0000] {logging_mixin.py:188} INFO - [2026-05-30T03:39:11.632+0000] {base.py:83} INFO - Using connection ID 'pipeline_config_db' for task execution.
[2026-05-30T03:39:11.636+0000] {logging_mixin.py:188} INFO - [2026-05-30T03:39:11.635+0000] {dag_factory.py:74} INFO - DAG factory fetched 1 active pipelines.
[2026-05-30T03:39:11.639+0000] {logging_mixin.py:188} INFO - [2026-05-30T03:39:11.639+0000] {dag_factory.py:168} INFO - DAG factory registered DAG: orders_pg_to_s3_daily
[2026-05-30T03:39:11.648+0000] {processor.py:840} INFO - DAG(s) 'orders_pg_to_s3_daily' retrieved from /opt/airflow/dags/factory/dag_factory.py
[2026-05-30T03:39:11.735+0000] {logging_mixin.py:188} INFO - [2026-05-30T03:39:11.734+0000] {override.py:1769} INFO - Created Permission View: can delete on DAG:orders_pg_to_s3_daily
[2026-05-30T03:39:11.737+0000] {logging_mixin.py:188} INFO - [2026-05-30T03:39:11.737+0000] {override.py:1769} INFO - Created Permission View: can read on DAG:orders_pg_to_s3_daily
[2026-05-30T03:39:11.738+0000] {logging_mixin.py:188} INFO - [2026-05-30T03:39:11.738+0000] {override.py:1769} INFO - Created Permission View: can edit on DAG:orders_pg_to_s3_daily
[2026-05-30T03:39:11.739+0000] {logging_mixin.py:188} INFO - [2026-05-30T03:39:11.739+0000] {dag.py:3036} INFO - Sync 1 DAGs
[2026-05-30T03:39:11.742+0000] {logging_mixin.py:188} INFO - [2026-05-30T03:39:11.742+0000] {dag.py:3058} INFO - Creating ORM DAG for orders_pg_to_s3_daily
[2026-05-30T03:39:11.746+0000] {logging_mixin.py:188} INFO - [2026-05-30T03:39:11.746+0000] {dag.py:3823} INFO - Setting next_dagrun for orders_pg_to_s3_daily to 2026-05-29 02:00:00+00:00, run_after=2026-05-30 02:00:00+00:00
[2026-05-30T03:39:11.751+0000] {processor.py:183} INFO - Processing /opt/airflow/dags/factory/dag_factory.py took 0.142 seconds
[2026-05-30T03:39:41.887+0000] {processor.py:161} INFO - Started process (PID=90) to work on /opt/airflow/dags/factory/dag_factory.py
[2026-05-30T03:39:41.888+0000] {processor.py:830} INFO - Processing file /opt/airflow/dags/factory/dag_factory.py for tasks to queue
[2026-05-30T03:39:41.890+0000] {logging_mixin.py:188} INFO - [2026-05-30T03:39:41.890+0000] {dagbag.py:538} INFO - Filling up the DagBag from /opt/airflow/dags/factory/dag_factory.py
[2026-05-30T03:39:41.905+0000] {logging_mixin.py:188} INFO - [2026-05-30T03:39:41.905+0000] {base.py:83} INFO - Using connection ID 'pipeline_config_db' for task execution.
[2026-05-30T03:39:41.910+0000] {logging_mixin.py:188} INFO - [2026-05-30T03:39:41.910+0000] {dag_factory.py:74} INFO - DAG factory fetched 1 active pipelines.
[2026-05-30T03:39:41.913+0000] {logging_mixin.py:188} INFO - [2026-05-30T03:39:41.912+0000] {dag_factory.py:168} INFO - DAG factory registered DAG: orders_pg_to_s3_daily
[2026-05-30T03:39:41.915+0000] {processor.py:840} INFO - DAG(s) 'orders_pg_to_s3_daily' retrieved from /opt/airflow/dags/factory/dag_factory.py
[2026-05-30T03:39:41.916+0000] {logging_mixin.py:188} INFO - [2026-05-30T03:39:41.916+0000] {dag.py:3036} INFO - Sync 1 DAGs
[2026-05-30T03:39:41.925+0000] {logging_mixin.py:188} INFO - [2026-05-30T03:39:41.925+0000] {dag.py:3823} INFO - Setting next_dagrun for orders_pg_to_s3_daily to 2026-05-29 02:00:00+00:00, run_after=2026-05-30 02:00:00+00:00
[2026-05-30T03:39:41.931+0000] {processor.py:183} INFO - Processing /opt/airflow/dags/factory/dag_factory.py took 0.048 seconds
[2026-05-30T03:40:12.098+0000] {processor.py:161} INFO - Started process (PID=91) to work on /opt/airflow/dags/factory/dag_factory.py
[2026-05-30T03:40:12.099+0000] {processor.py:830} INFO - Processing file /opt/airflow/dags/factory/dag_factory.py for tasks to queue
[2026-05-30T03:40:12.101+0000] {logging_mixin.py:188} INFO - [2026-05-30T03:40:12.101+0000] {dagbag.py:538} INFO - Filling up the DagBag from /opt/airflow/dags/factory/dag_factory.py
[2026-05-30T03:40:12.117+0000] {logging_mixin.py:188} INFO - [2026-05-30T03:40:12.117+0000] {base.py:83} INFO - Using connection ID 'pipeline_config_db' for task execution.
[2026-05-30T03:40:12.122+0000] {logging_mixin.py:188} INFO - [2026-05-30T03:40:12.122+0000] {dag_factory.py:74} INFO - DAG factory fetched 2 active pipelines.
[2026-05-30T03:40:12.125+0000] {logging_mixin.py:188} INFO - [2026-05-30T03:40:12.125+0000] {dag_factory.py:168} INFO - DAG factory registered DAG: metrics_s3_to_pg_hourly
[2026-05-30T03:40:12.125+0000] {logging_mixin.py:188} INFO - [2026-05-30T03:40:12.125+0000] {dag_factory.py:168} INFO - DAG factory registered DAG: orders_pg_to_s3_daily
[2026-05-30T03:40:12.128+0000] {processor.py:840} INFO - DAG(s) 'orders_pg_to_s3_daily', 'metrics_s3_to_pg_hourly' retrieved from /opt/airflow/dags/factory/dag_factory.py
[2026-05-30T03:40:12.166+0000] {logging_mixin.py:188} INFO - [2026-05-30T03:40:12.166+0000] {override.py:1769} INFO - Created Permission View: can delete on DAG:metrics_s3_to_pg_hourly
[2026-05-30T03:40:12.168+0000] {logging_mixin.py:188} INFO - [2026-05-30T03:40:12.168+0000] {override.py:1769} INFO - Created Permission View: can read on DAG:metrics_s3_to_pg_hourly
[2026-05-30T03:40:12.169+0000] {logging_mixin.py:188} INFO - [2026-05-30T03:40:12.169+0000] {override.py:1769} INFO - Created Permission View: can edit on DAG:metrics_s3_to_pg_hourly
[2026-05-30T03:40:12.169+0000] {logging_mixin.py:188} INFO - [2026-05-30T03:40:12.169+0000] {dag.py:3036} INFO - Sync 2 DAGs
[2026-05-30T03:40:12.173+0000] {logging_mixin.py:188} INFO - [2026-05-30T03:40:12.173+0000] {dag.py:3058} INFO - Creating ORM DAG for metrics_s3_to_pg_hourly
[2026-05-30T03:40:12.176+0000] {logging_mixin.py:188} INFO - [2026-05-30T03:40:12.176+0000] {dag.py:3823} INFO - Setting next_dagrun for metrics_s3_to_pg_hourly to 2026-05-30 02:00:00+00:00, run_after=2026-05-30 03:00:00+00:00
[2026-05-30T03:40:12.176+0000] {logging_mixin.py:188} INFO - [2026-05-30T03:40:12.176+0000] {dag.py:3823} INFO - Setting next_dagrun for orders_pg_to_s3_daily to 2026-05-29 02:00:00+00:00, run_after=2026-05-30 02:00:00+00:00
[2026-05-30T03:40:12.181+0000] {processor.py:183} INFO - Processing /opt/airflow/dags/factory/dag_factory.py took 0.086 seconds
[2026-05-30T03:40:42.359+0000] {processor.py:161} INFO - Started process (PID=92) to work on /opt/airflow/dags/factory/dag_factory.py
[2026-05-30T03:40:42.360+0000] {processor.py:830} INFO - Processing file /opt/airflow/dags/factory/dag_factory.py for tasks to queue
[2026-05-30T03:40:42.362+0000] {logging_mixin.py:188} INFO - [2026-05-30T03:40:42.361+0000] {dagbag.py:538} INFO - Filling up the DagBag from /opt/airflow/dags/factory/dag_factory.py
[2026-05-30T03:40:42.377+0000] {logging_mixin.py:188} INFO - [2026-05-30T03:40:42.377+0000] {base.py:83} INFO - Using connection ID 'pipeline_config_db' for task execution.
[2026-05-30T03:40:42.382+0000] {logging_mixin.py:188} INFO - [2026-05-30T03:40:42.382+0000] {dag_factory.py:74} INFO - DAG factory fetched 2 active pipelines.
[2026-05-30T03:40:42.385+0000] {logging_mixin.py:188} INFO - [2026-05-30T03:40:42.385+0000] {dag_factory.py:168} INFO - DAG factory registered DAG: metrics_s3_to_pg_hourly
[2026-05-30T03:40:42.386+0000] {logging_mixin.py:188} INFO - [2026-05-30T03:40:42.386+0000] {dag_factory.py:168} INFO - DAG factory registered DAG: orders_pg_to_s3_daily
[2026-05-30T03:40:42.388+0000] {processor.py:840} INFO - DAG(s) 'orders_pg_to_s3_daily', 'metrics_s3_to_pg_hourly' retrieved from /opt/airflow/dags/factory/dag_factory.py
[2026-05-30T03:40:42.398+0000] {logging_mixin.py:188} INFO - [2026-05-30T03:40:42.398+0000] {dag.py:3036} INFO - Sync 2 DAGs
[2026-05-30T03:40:42.408+0000] {logging_mixin.py:188} INFO - [2026-05-30T03:40:42.408+0000] {dag.py:3823} INFO - Setting next_dagrun for metrics_s3_to_pg_hourly to 2026-05-30 02:00:00+00:00, run_after=2026-05-30 03:00:00+00:00
[2026-05-30T03:40:42.410+0000] {logging_mixin.py:188} INFO - [2026-05-30T03:40:42.410+0000] {dag.py:3823} INFO - Setting next_dagrun for orders_pg_to_s3_daily to 2026-05-29 02:00:00+00:00, run_after=2026-05-30 02:00:00+00:00
[2026-05-30T03:40:42.416+0000] {processor.py:183} INFO - Processing /opt/airflow/dags/factory/dag_factory.py took 0.061 seconds
